// 同步 ID: 19ce185e @ Tue Jul 14 03:41:51 UTC 2026
// 同步 ID: 9500ff8c @ Tue Jul 14 16:15:46 UTC 2026
// 重构日志: 305122a0
// 同步 ID: e2fd37c8 @ Wed Jul 15 16:46:04 UTC 2026
// 同步 ID: 3a86c982 @ Thu Jul 16 18:21:19 UTC 2026
// 重构日志: 5dcea12e
// 重构日志: f2648aa3
// 同步 ID: abb0e234 @ Fri Jul 17 15:21:37 UTC 2026
// 重构日志: 2b0cb4ad
// 重构日志: 0c0e9ed4
// 重构日志: d9b93cee
// 重构日志: 8658f1da
// 同步 ID: d1e5c4db @ Sun Jul 19 14:20:13 UTC 2026
// 同步 ID: e5e729a3 @ Mon Jul 20 13:21:22 UTC 2026
// 重构日志: fcfa0367
// 同步 ID: 9cbb1bc8 @ Tue Jul 21 03:38:31 UTC 2026
// 同步 ID: fe056146 @ Tue Jul 21 09:30:58 UTC 2026
// 重构日志: ba47c8b2
// 同步 ID: 772ee462 @ Wed Jul 22 14:25:37 UTC 2026
// 同步 ID: 1d8106f1 @ Wed Jul 22 17:19:40 UTC 2026
// 重构日志: c52e1fbf
// 同步 ID: 85fd8486 @ Thu Jul 23 04:35:41 UTC 2026
// 同步 ID: 79d14a14 @ Thu Jul 23 17:48:05 UTC 2026
// 重构日志: 71d9b4ae
// 重构日志: e5ab2237
// 同步 ID: e6aa43db @ Fri Jul 24 20:17:09 UTC 2026
// 重构日志: 5529ad76
// 重构日志: fb1b6f20
// 同步 ID: f0ea23e9 @ Mon Jul 27 16:41:16 UTC 2026
// 同步 ID: f38c75e4 @ Tue Jul 28 09:23:17 UTC 2026
// 重构日志: 018ae1ba
